// Jest Snapshot v1, https://goo.gl/fbAQLP

exports[`snapshot test create a snapshot folder 1`] = `
Object {
  "asFragment": [Function],
  "baseElement": <body>
    <div>
      <div
        class="header"
      >
        <h3>
           Employee Polls
        </h3>
        <hr />
      </div>
      <div
        class="header-img"
      >
        <img
          src="/assets/login.jfif"
        />
      </div>
      <div
        class="login-section d-flex m-2 p-2 flex-column"
      >
        <div
          class="d-flex p-2 justify-content-center"
        >
          <div
            class="dropdown"
          >
            <button
              aria-expanded="false"
              class="dropdown-toggle btn btn-primary"
              id="login-user"
              type="button"
            >
              Select User
            </button>
          </div>
        </div>
        <div
          class="d-flex p-2 justify-content-center"
        >
          <button
            class="primary-btn"
            disabled=""
          >
            Login
          </button>
        </div>
      </div>
    </div>
  </body>,
  "container": <div>
    <div
      class="header"
    >
      <h3>
         Employee Polls
      </h3>
      <hr />
    </div>
    <div
      class="header-img"
    >
      <img
        src="/assets/login.jfif"
      />
    </div>
    <div
      class="login-section d-flex m-2 p-2 flex-column"
    >
      <div
        class="d-flex p-2 justify-content-center"
      >
        <div
          class="dropdown"
        >
          <button
            aria-expanded="false"
            class="dropdown-toggle btn btn-primary"
            id="login-user"
            type="button"
          >
            Select User
          </button>
        </div>
      </div>
      <div
        class="d-flex p-2 justify-content-center"
      >
        <button
          class="primary-btn"
          disabled=""
        >
          Login
        </button>
      </div>
    </div>
  </div>,
  "debug": [Function],
  "findAllByAltText": [Function],
  "findAllByDisplayValue": [Function],
  "findAllByLabelText": [Function],
  "findAllByPlaceholderText": [Function],
  "findAllByRole": [Function],
  "findAllByTestId": [Function],
  "findAllByText": [Function],
  "findAllByTitle": [Function],
  "findByAltText": [Function],
  "findByDisplayValue": [Function],
  "findByLabelText": [Function],
  "findByPlaceholderText": [Function],
  "findByRole": [Function],
  "findByTestId": [Function],
  "findByText": [Function],
  "findByTitle": [Function],
  "getAllByAltText": [Function],
  "getAllByDisplayValue": [Function],
  "getAllByLabelText": [Function],
  "getAllByPlaceholderText": [Function],
  "getAllByRole": [Function],
  "getAllByTestId": [Function],
  "getAllByText": [Function],
  "getAllByTitle": [Function],
  "getByAltText": [Function],
  "getByDisplayValue": [Function],
  "getByLabelText": [Function],
  "getByPlaceholderText": [Function],
  "getByRole": [Function],
  "getByTestId": [Function],
  "getByText": [Function],
  "getByTitle": [Function],
  "queryAllByAltText": [Function],
  "queryAllByDisplayValue": [Function],
  "queryAllByLabelText": [Function],
  "queryAllByPlaceholderText": [Function],
  "queryAllByRole": [Function],
  "queryAllByTestId": [Function],
  "queryAllByText": [Function],
  "queryAllByTitle": [Function],
  "queryByAltText": [Function],
  "queryByDisplayValue": [Function],
  "queryByLabelText": [Function],
  "queryByPlaceholderText": [Function],
  "queryByRole": [Function],
  "queryByTestId": [Function],
  "queryByText": [Function],
  "queryByTitle": [Function],
  "rerender": [Function],
  "unmount": [Function],
}
`;
